<html>
<body>
<pre>
<h1>µVision Build Log</h1>
<h2>Project:</h2>
C:\Users\YYcc\Desktop\stm32\3.Wave(a)\demo.uvproj
Project File Date:  07/03/2018

<h2>Output:</h2>
Build target 'Target 1'
compiling main.c...
main.c(113): warning:  #177-D: variable "pt" was declared but never referenced
main.c:         char pt[25]="";
main.c:              ^
main.c: main.c: 1 warning, 0 errors
linking...
Program Size: Code=7772 RO-data=336 RW-data=60 ZI-data=1044  
FromELF: creating hex file...
"demo.axf" - 0 Error(s), 1 Warning(s).
Build target 'Target 1'
compiling main.c...
main.c(110): warning:  #177-D: variable "pt" was declared but never referenced
main.c:         char pt[25]="";
main.c:              ^
main.c: main.c: 1 warning, 0 errors
linking...
Program Size: Code=7768 RO-data=336 RW-data=60 ZI-data=1044  
FromELF: creating hex file...
"demo.axf" - 0 Error(s), 1 Warning(s).
Build target 'Target 1'
compiling main.c...
main.c(110): warning:  #177-D: variable "pt" was declared but never referenced
main.c:         char pt[25]="";
main.c:              ^
main.c: main.c: 1 warning, 0 errors
linking...
Program Size: Code=7768 RO-data=336 RW-data=60 ZI-data=1044  
FromELF: creating hex file...
"demo.axf" - 0 Error(s), 1 Warning(s).
Build target 'Target 1'
compiling main.c...
main.c(110): warning:  #177-D: variable "pt" was declared but never referenced
main.c:         char pt[25]="";
main.c:              ^
main.c: main.c: 1 warning, 0 errors
linking...
Program Size: Code=7768 RO-data=336 RW-data=60 ZI-data=1044  
FromELF: creating hex file...
"demo.axf" - 0 Error(s), 1 Warning(s).
Build target 'Target 1'
compiling main.c...
main.c(110): warning:  #177-D: variable "pt" was declared but never referenced
main.c:         char pt[25]="";
main.c:              ^
main.c: main.c: 1 warning, 0 errors
linking...
Program Size: Code=7768 RO-data=336 RW-data=60 ZI-data=1044  
FromELF: creating hex file...
"demo.axf" - 0 Error(s), 1 Warning(s).
Build target 'Target 1'
compiling main.c...
main.c(110): warning:  #177-D: variable "pt" was declared but never referenced
main.c:         char pt[25]="";
main.c:              ^
main.c: main.c: 1 warning, 0 errors
linking...
Program Size: Code=7768 RO-data=336 RW-data=60 ZI-data=1044  
FromELF: creating hex file...
"demo.axf" - 0 Error(s), 1 Warning(s).
Build target 'Target 1'
compiling main.c...
main.c(110): warning:  #177-D: variable "pt" was declared but never referenced
main.c:         char pt[25]="";
main.c:              ^
main.c: main.c: 1 warning, 0 errors
linking...
Program Size: Code=7768 RO-data=336 RW-data=60 ZI-data=1044  
FromELF: creating hex file...
"demo.axf" - 0 Error(s), 1 Warning(s).
Build target 'Target 1'
compiling main.c...
main.c(110): warning:  #177-D: variable "pt" was declared but never referenced
main.c:         char pt[25]="";
main.c:              ^
main.c: main.c: 1 warning, 0 errors
linking...
Program Size: Code=7808 RO-data=336 RW-data=60 ZI-data=1044  
FromELF: creating hex file...
"demo.axf" - 0 Error(s), 1 Warning(s).
Build target 'Target 1'
compiling main.c...
main.c(134): warning:  #186-D: pointless comparison of unsigned integer with zero
main.c:                         if(rec_rat_>=0 && rec_rat_ <=100)
main.c:                                    ^
main.c: main.c: 1 warning, 0 errors
linking...
Program Size: Code=8936 RO-data=472 RW-data=72 ZI-data=1048  
FromELF: creating hex file...
"demo.axf" - 0 Error(s), 1 Warning(s).
Build target 'Target 1'
compiling main.c...
main.c(134): warning:  #186-D: pointless comparison of unsigned integer with zero
main.c:                         if(rec_rat_>=0 && rec_rat_ <=100)
main.c:                                    ^
main.c: main.c: 1 warning, 0 errors
linking...
Program Size: Code=8940 RO-data=472 RW-data=72 ZI-data=1048  
FromELF: creating hex file...
"demo.axf" - 0 Error(s), 1 Warning(s).
Build target 'Target 1'
compiling main.c...
main.c(134): warning:  #186-D: pointless comparison of unsigned integer with zero
main.c:                         if(rec_rat_>=0 && rec_rat_ <=100)
main.c:                                    ^
main.c: main.c: 1 warning, 0 errors
linking...
Program Size: Code=8860 RO-data=472 RW-data=72 ZI-data=1048  
FromELF: creating hex file...
"demo.axf" - 0 Error(s), 1 Warning(s).
Build target 'Target 1'
compiling main.c...
main.c(143): warning:  #186-D: pointless comparison of unsigned integer with zero
main.c:                         if(rec_rat_>=0 && rec_rat_ <=100)
main.c:                                    ^
main.c: main.c: 1 warning, 0 errors
linking...
Program Size: Code=8912 RO-data=472 RW-data=72 ZI-data=1048  
FromELF: creating hex file...
"demo.axf" - 0 Error(s), 1 Warning(s).
Build target 'Target 1'
compiling main.c...
main.c(143): warning:  #186-D: pointless comparison of unsigned integer with zero
main.c:                         if(rec_rat_>=0 && rec_rat_ <=100)
main.c:                                    ^
main.c: main.c: 1 warning, 0 errors
linking...
Program Size: Code=8924 RO-data=472 RW-data=72 ZI-data=1048  
FromELF: creating hex file...
"demo.axf" - 0 Error(s), 1 Warning(s).
Build target 'Target 1'
compiling main.c...
main.c(143): warning:  #186-D: pointless comparison of unsigned integer with zero
main.c:                         if(rec_rat_>=0 && rec_rat_ <=100)
main.c:                                    ^
main.c: main.c: 1 warning, 0 errors
linking...
Program Size: Code=8924 RO-data=472 RW-data=72 ZI-data=1048  
FromELF: creating hex file...
"demo.axf" - 0 Error(s), 1 Warning(s).
Build target 'Target 1'
compiling main.c...
main.c(143): warning:  #186-D: pointless comparison of unsigned integer with zero
main.c:                         if(rec_rat_>=0 && rec_rat_ <=100)
main.c:                                    ^
main.c: main.c: 1 warning, 0 errors
linking...
Program Size: Code=8992 RO-data=472 RW-data=72 ZI-data=1048  
FromELF: creating hex file...
"demo.axf" - 0 Error(s), 1 Warning(s).
Build target 'Target 1'
compiling main.c...
main.c(143): warning:  #186-D: pointless comparison of unsigned integer with zero
main.c:                         if(rec_rat_>=0 && rec_rat_ <=100)
main.c:                                    ^
main.c: main.c: 1 warning, 0 errors
linking...
Program Size: Code=8992 RO-data=472 RW-data=72 ZI-data=1048  
FromELF: creating hex file...
"demo.axf" - 0 Error(s), 1 Warning(s).
Build target 'Target 1'
compiling main.c...
main.c(143): warning:  #186-D: pointless comparison of unsigned integer with zero
main.c:                         if(rec_rat_>=0 && rec_rat_ <=100)
main.c:                                    ^
main.c: main.c: 1 warning, 0 errors
linking...
Program Size: Code=8992 RO-data=472 RW-data=72 ZI-data=1048  
FromELF: creating hex file...
"demo.axf" - 0 Error(s), 1 Warning(s).
