<html>
<body>
<pre>
<h1>µVision Build Log</h1>
<h2>Project:</h2>
C:\Users\YYcc\Desktop\stm32\chx4\Project\USART.uvproj
Project File Date:  07/03/2018

<h2>Output:</h2>
Build target 'HC-SR04'
compiling usart1.c...
compiling hcrs04_timer.c...
linking...
Program Size: Code=12552 RO-data=268 RW-data=60 ZI-data=1028  
FromELF: creating hex file...
"..\Output\HC-SR04.axf" - 0 Error(s), 0 Warning(s).
Build target 'HC-SR04'
compiling main.c...
linking...
Program Size: Code=12560 RO-data=268 RW-data=60 ZI-data=1028  
FromELF: creating hex file...
"..\Output\HC-SR04.axf" - 0 Error(s), 0 Warning(s).
