<html>
<body>
<pre>
<h1>礦ision Build Log</h1>
<h2>Project:</h2>
C:\Users\YYcc\Desktop\stm32\3.Wave(b)\demo.uvproj
Project File Date:  07/03/2018

<h2>Output:</h2>
Build target 'Target 1'
compiling main.c...
main.c(165): warning:  #186-D: pointless comparison of unsigned integer with zero
main.c:                         if(rec_rat_>=0 && rec_rat_ <=100)
main.c:                                    ^
main.c: main.c: 1 warning, 0 errors
compiling stm32f10x_it.c...
linking...
Program Size: Code=9276 RO-data=472 RW-data=92 ZI-data=1044  
FromELF: creating hex file...
"demo.axf" - 0 Error(s), 1 Warning(s).
Build target 'Target 1'
compiling main.c...
main.c(166): warning:  #186-D: pointless comparison of unsigned integer with zero
main.c:                         if(rec_rat_>=0 && rec_rat_ <=100)
main.c:                                    ^
main.c(189): warning:  #223-D: function "print" declared implicitly
main.c:                 print("当前频率：%d Hz\t",Freq_InputCapture);                                   
main.c:                 ^
main.c: main.c: 2 warnings, 0 errors
linking...
demo.axf: Error: L6218E: Undefined symbol print (referred from main.o).
demo.axf: Not enough information to list image symbols.
demo.axf: Finished: 1 information, 0 warning and 1 error messages.
Target not created
Build target 'Target 1'
compiling main.c...
main.c(166): warning:  #186-D: pointless comparison of unsigned integer with zero
main.c:                         if(rec_rat_>=0 && rec_rat_ <=100)
main.c:                                    ^
main.c: main.c: 1 warning, 0 errors
linking...
Program Size: Code=9308 RO-data=472 RW-data=92 ZI-data=1044  
FromELF: creating hex file...
"demo.axf" - 0 Error(s), 1 Warning(s).
Build target 'Target 1'
linking...
Program Size: Code=9308 RO-data=472 RW-data=92 ZI-data=1044  
FromELF: creating hex file...
"demo.axf" - 0 Error(s), 0 Warning(s).
Build target 'Target 1'
compiling main.c...
main.c(49): warning:  #223-D: function "GPIO_PinAFConfig" declared implicitly
main.c:         GPIO_PinAFConfig(GPIOA, GPIO_PinSource2, GPIO_AF_TIM2); 
main.c:         ^
main.c(49): error:  #20: identifier "GPIO_AF_TIM2" is undefined
main.c:         GPIO_PinAFConfig(GPIOA, GPIO_PinSource2, GPIO_AF_TIM2); 
main.c:                                                  ^
main.c(168): warning:  #186-D: pointless comparison of unsigned integer with zero
main.c:                         if(rec_rat_>=0 && rec_rat_ <=100)
main.c:                                    ^
main.c: main.c: 2 warnings, 1 error
Target not created
Build target 'Target 1'
compiling main.c...
main.c(49): warning:  #223-D: function "GPIO_PinAFConfig" declared implicitly
main.c:         GPIO_PinAFConfig(GPIOA, GPIO_PinSource2, GPIO_AF_TIM2); 
main.c:         ^
main.c(49): error:  #20: identifier "GPIO_AF_TIM2" is undefined
main.c:         GPIO_PinAFConfig(GPIOA, GPIO_PinSource2, GPIO_AF_TIM2); 
main.c:                                                  ^
main.c(76): warning:  #69-D: integer conversion resulted in truncation
main.c:         TIM_InitStructure.TIM_Period=0xFFFFFFFF;//1000;//1ms溢出一次
main.c:                                      ^
main.c(174): warning:  #186-D: pointless comparison of unsigned integer with zero
main.c:                         if(rec_rat_>=0 && rec_rat_ <=100)
main.c:                                    ^
main.c: main.c: 3 warnings, 1 error
Target not created
Build target 'Target 1'
compiling main.c...
main.c(76): warning:  #69-D: integer conversion resulted in truncation
main.c:         TIM_InitStructure.TIM_Period=0xFFFFFFFF;//1000;//1ms溢出一次
main.c:                                      ^
main.c(174): warning:  #186-D: pointless comparison of unsigned integer with zero
main.c:                         if(rec_rat_>=0 && rec_rat_ <=100)
main.c:                                    ^
main.c: main.c: 2 warnings, 0 errors
linking...
Program Size: Code=9344 RO-data=472 RW-data=92 ZI-data=1044  
FromELF: creating hex file...
"demo.axf" - 0 Error(s), 2 Warning(s).
Build target 'Target 1'
compiling main.c...
main.c(76): warning:  #69-D: integer conversion resulted in truncation
main.c:         TIM_InitStructure.TIM_Period=0xFFFFFFFF;//1000;//1ms溢出一次
main.c:                                      ^
main.c(174): warning:  #186-D: pointless comparison of unsigned integer with zero
main.c:                         if(rec_rat_>=0 && rec_rat_ <=100)
main.c:                                    ^
main.c: main.c: 2 warnings, 0 errors
linking...
Program Size: Code=9344 RO-data=472 RW-data=92 ZI-data=1044  
FromELF: creating hex file...
"demo.axf" - 0 Error(s), 2 Warning(s).
Build target 'Target 1'
compiling stm32f10x_it.c...
stm32f10x_it.c(141): error:  #20: identifier "U16" is undefined
stm32f10x_it.c:       static U16   Capture, IC4ReadValue1, IC4ReadValue2;
stm32f10x_it.c:              ^
stm32f10x_it.c(142): error:  #20: identifier "U8" is undefined
stm32f10x_it.c:       static U8    CaptureNumber = 0;
stm32f10x_it.c:              ^
stm32f10x_it.c(169): error:  #20: identifier "U32" is undefined
stm32f10x_it.c:               Freq_InputCapture = (U32) SystemCoreClock / Capture;
stm32f10x_it.c:                                    ^
stm32f10x_it.c(169): error:  #65: expected a ";"
stm32f10x_it.c:               Freq_InputCapture = (U32) SystemCoreClock / Capture;
stm32f10x_it.c:                                         ^
stm32f10x_it.c: stm32f10x_it.c: 0 warnings, 4 errors
Target not created
Build target 'Target 1'
compiling stm32f10x_it.c...
stm32f10x_it.c(169): error:  #20: identifier "U32" is undefined
stm32f10x_it.c:               Freq_InputCapture = (U32) SystemCoreClock / Capture;
stm32f10x_it.c:                                    ^
stm32f10x_it.c(169): error:  #65: expected a ";"
stm32f10x_it.c:               Freq_InputCapture = (U32) SystemCoreClock / Capture;
stm32f10x_it.c:                                         ^
stm32f10x_it.c(141): warning:  #550-D: variable "Capture" was set but never used
stm32f10x_it.c:       static u16   Capture, IC4ReadValue1, IC4ReadValue2;
stm32f10x_it.c:                    ^
stm32f10x_it.c: stm32f10x_it.c: 1 warning, 2 errors
Target not created
Build target 'Target 1'
compiling stm32f10x_it.c...
linking...
Program Size: Code=9328 RO-data=472 RW-data=84 ZI-data=1044  
FromELF: creating hex file...
"demo.axf" - 0 Error(s), 0 Warning(s).
