<html>
<body>
<pre>
<h1>µVision Build Log</h1>
<h2>Project:</h2>
C:\Users\YYcc\Desktop\stm32\chxw\demo.uvproj
Project File Date:  07/03/2018

<h2>Output:</h2>
Build target 'Target 1'
compiling main.c...
main.c(177): warning:  #186-D: pointless comparison of unsigned integer with zero
main.c:                         if(rec_rat_>=0 && rec_rat_ <=100)
main.c:                                    ^
main.c(195): warning:  #192-D: unrecognized character escape sequence
main.c:                                 printf("\r\eror£º%d %%...\r\n",rec_rat_);
main.c:                                           ^
main.c: main.c: 2 warnings, 0 errors
compiling stm32f10x_it.c...
compiling core_cm3.c...
compiling system_stm32f10x.c...
compiling stm32f10x_gpio.c...
compiling stm32f10x_rcc.c...
compiling misc.c...
compiling stm32f10x_adc.c...
compiling stm32f10x_bkp.c...
compiling stm32f10x_can.c...
compiling stm32f10x_cec.c...
compiling stm32f10x_crc.c...
compiling stm32f10x_dac.c...
compiling stm32f10x_dbgmcu.c...
compiling stm32f10x_dma.c...
compiling stm32f10x_exti.c...
compiling stm32f10x_flash.c...
compiling stm32f10x_fsmc.c...
compiling stm32f10x_i2c.c...
compiling stm32f10x_iwdg.c...
compiling stm32f10x_pwr.c...
compiling stm32f10x_rtc.c...
compiling stm32f10x_sdio.c...
compiling stm32f10x_spi.c...
compiling stm32f10x_tim.c...
compiling stm32f10x_usart.c...
compiling stm32f10x_wwdg.c...
linking...
Program Size: Code=9276 RO-data=472 RW-data=96 ZI-data=1048  
FromELF: creating hex file...
"demo.axf" - 0 Error(s), 2 Warning(s).
Build target 'Target 1'
compiling main.c...
main.c(177): warning:  #186-D: pointless comparison of unsigned integer with zero
main.c:                         if(rec_rat_>=0 && rec_rat_ <=100)
main.c:                                    ^
main.c: main.c: 1 warning, 0 errors
linking...
Program Size: Code=9276 RO-data=472 RW-data=96 ZI-data=1048  
FromELF: creating hex file...
"demo.axf" - 0 Error(s), 1 Warning(s).
